{
    "-profile test": {
        "content": [
            {
                "BISMARK_ALIGN": {
                    "bismark": "0.25.1"
                },
                "BISMARK_DEDUPLICATE": {
                    "bismark": "0.25.1"
                },
                "BISMARK_GENOMEPREPARATION_BOWTIE": {
                    "bismark": "0.25.1"
                },
                "BISMARK_METHYLATIONEXTRACTOR": {
                    "bismark": "0.25.1"
                },
                "BISMARK_REPORT": {
                    "bismark": "0.25.1"
                },
                "BISMARK_SUMMARY": {
                    "bismark": "0.25.1"
                },
                "FASTQC": {
                    "fastqc": "0.12.1"
                },
                "GUNZIP": {
                    "gunzip": 1.13
                },
                "SAMTOOLS_INDEX": {
                    "samtools": "1.22.1"
                },
                "SAMTOOLS_SORT": {
                    "samtools": "1.22.1"
                },
                "TRIMGALORE": {
                    "trimgalore": "0.6.10",
                    "cutadapt": 4.9,
                    "pigz": 2.8
                },
                "Workflow": {
                    "nf-core/methylseq": "v4.2.0dev"
                }
            },
            [
                "bismark",
                "bismark/alignments",
                "bismark/alignments/logs",
                "bismark/alignments/logs/Ecoli_10K_methylated_1_val_1_bismark_bt2_PE_report.txt",
                "bismark/alignments/logs/SRR389222_sub1_trimmed_bismark_bt2_SE_report.txt",
                "bismark/alignments/logs/SRR389222_sub2_trimmed_bismark_bt2_SE_report.txt",
                "bismark/alignments/logs/SRR389222_sub3_trimmed_bismark_bt2_SE_report.txt",
                "bismark/deduplicated",
                "bismark/deduplicated/Ecoli_10K_methylated.deduplicated.sorted.bam",
                "bismark/deduplicated/Ecoli_10K_methylated.deduplicated.sorted.bam.bai",
                "bismark/deduplicated/SRR389222_sub1.deduplicated.sorted.bam",
                "bismark/deduplicated/SRR389222_sub1.deduplicated.sorted.bam.bai",
                "bismark/deduplicated/SRR389222_sub2.deduplicated.sorted.bam",
                "bismark/deduplicated/SRR389222_sub2.deduplicated.sorted.bam.bai",
                "bismark/deduplicated/SRR389222_sub3.deduplicated.sorted.bam",
                "bismark/deduplicated/SRR389222_sub3.deduplicated.sorted.bam.bai",
                "bismark/deduplicated/logs",
                "bismark/deduplicated/logs/Ecoli_10K_methylated_1_val_1_bismark_bt2_pe.deduplication_report.txt",
                "bismark/deduplicated/logs/SRR389222_sub1_trimmed_bismark_bt2.deduplication_report.txt",
                "bismark/deduplicated/logs/SRR389222_sub2_trimmed_bismark_bt2.deduplication_report.txt",
                "bismark/deduplicated/logs/SRR389222_sub3_trimmed_bismark_bt2.deduplication_report.txt",
                "bismark/methylation_calls",
                "bismark/methylation_calls/bedGraph",
                "bismark/methylation_calls/bedGraph/Ecoli_10K_methylated_1_val_1_bismark_bt2_pe.deduplicated.bedGraph.gz",
                "bismark/methylation_calls/bedGraph/SRR389222_sub1_trimmed_bismark_bt2.deduplicated.bedGraph.gz",
                "bismark/methylation_calls/bedGraph/SRR389222_sub2_trimmed_bismark_bt2.deduplicated.bedGraph.gz",
                "bismark/methylation_calls/bedGraph/SRR389222_sub3_trimmed_bismark_bt2.deduplicated.bedGraph.gz",
                "bismark/methylation_calls/mbias",
                "bismark/methylation_calls/mbias/Ecoli_10K_methylated_1_val_1_bismark_bt2_pe.deduplicated.M-bias.txt",
                "bismark/methylation_calls/mbias/SRR389222_sub1_trimmed_bismark_bt2.deduplicated.M-bias.txt",
                "bismark/methylation_calls/mbias/SRR389222_sub2_trimmed_bismark_bt2.deduplicated.M-bias.txt",
                "bismark/methylation_calls/mbias/SRR389222_sub3_trimmed_bismark_bt2.deduplicated.M-bias.txt",
                "bismark/methylation_calls/methylation_calls",
                "bismark/methylation_calls/methylation_calls/CHG_OB_Ecoli_10K_methylated_1_val_1_bismark_bt2_pe.deduplicated.txt.gz",
                "bismark/methylation_calls/methylation_calls/CHG_OB_SRR389222_sub1_trimmed_bismark_bt2.deduplicated.txt.gz",
                "bismark/methylation_calls/methylation_calls/CHG_OB_SRR389222_sub2_trimmed_bismark_bt2.deduplicated.txt.gz",
                "bismark/methylation_calls/methylation_calls/CHG_OB_SRR389222_sub3_trimmed_bismark_bt2.deduplicated.txt.gz",
                "bismark/methylation_calls/methylation_calls/CHG_OT_Ecoli_10K_methylated_1_val_1_bismark_bt2_pe.deduplicated.txt.gz",
                "bismark/methylation_calls/methylation_calls/CHG_OT_SRR389222_sub1_trimmed_bismark_bt2.deduplicated.txt.gz",
                "bismark/methylation_calls/methylation_calls/CHG_OT_SRR389222_sub2_trimmed_bismark_bt2.deduplicated.txt.gz",
                "bismark/methylation_calls/methylation_calls/CHG_OT_SRR389222_sub3_trimmed_bismark_bt2.deduplicated.txt.gz",
                "bismark/methylation_calls/methylation_calls/CHH_OB_Ecoli_10K_methylated_1_val_1_bismark_bt2_pe.deduplicated.txt.gz",
                "bismark/methylation_calls/methylation_calls/CHH_OB_SRR389222_sub1_trimmed_bismark_bt2.deduplicated.txt.gz",
                "bismark/methylation_calls/methylation_calls/CHH_OB_SRR389222_sub2_trimmed_bismark_bt2.deduplicated.txt.gz",
                "bismark/methylation_calls/methylation_calls/CHH_OB_SRR389222_sub3_trimmed_bismark_bt2.deduplicated.txt.gz",
                "bismark/methylation_calls/methylation_calls/CHH_OT_Ecoli_10K_methylated_1_val_1_bismark_bt2_pe.deduplicated.txt.gz",
                "bismark/methylation_calls/methylation_calls/CHH_OT_SRR389222_sub1_trimmed_bismark_bt2.deduplicated.txt.gz",
                "bismark/methylation_calls/methylation_calls/CHH_OT_SRR389222_sub2_trimmed_bismark_bt2.deduplicated.txt.gz",
                "bismark/methylation_calls/methylation_calls/CHH_OT_SRR389222_sub3_trimmed_bismark_bt2.deduplicated.txt.gz",
                "bismark/methylation_calls/methylation_calls/CpG_OB_Ecoli_10K_methylated_1_val_1_bismark_bt2_pe.deduplicated.txt.gz",
                "bismark/methylation_calls/methylation_calls/CpG_OB_SRR389222_sub1_trimmed_bismark_bt2.deduplicated.txt.gz",
                "bismark/methylation_calls/methylation_calls/CpG_OB_SRR389222_sub2_trimmed_bismark_bt2.deduplicated.txt.gz",
                "bismark/methylation_calls/methylation_calls/CpG_OB_SRR389222_sub3_trimmed_bismark_bt2.deduplicated.txt.gz",
                "bismark/methylation_calls/methylation_calls/CpG_OT_Ecoli_10K_methylated_1_val_1_bismark_bt2_pe.deduplicated.txt.gz",
                "bismark/methylation_calls/methylation_calls/CpG_OT_SRR389222_sub1_trimmed_bismark_bt2.deduplicated.txt.gz",
                "bismark/methylation_calls/methylation_calls/CpG_OT_SRR389222_sub2_trimmed_bismark_bt2.deduplicated.txt.gz",
                "bismark/methylation_calls/methylation_calls/CpG_OT_SRR389222_sub3_trimmed_bismark_bt2.deduplicated.txt.gz",
                "bismark/methylation_calls/methylation_coverage",
                "bismark/methylation_calls/methylation_coverage/Ecoli_10K_methylated_1_val_1_bismark_bt2_pe.deduplicated.bismark.cov.gz",
                "bismark/methylation_calls/methylation_coverage/SRR389222_sub1_trimmed_bismark_bt2.deduplicated.bismark.cov.gz",
                "bismark/methylation_calls/methylation_coverage/SRR389222_sub2_trimmed_bismark_bt2.deduplicated.bismark.cov.gz",
                "bismark/methylation_calls/methylation_coverage/SRR389222_sub3_trimmed_bismark_bt2.deduplicated.bismark.cov.gz",
                "bismark/methylation_calls/splitting_report",
                "bismark/methylation_calls/splitting_report/Ecoli_10K_methylated_1_val_1_bismark_bt2_pe.deduplicated_splitting_report.txt",
                "bismark/methylation_calls/splitting_report/SRR389222_sub1_trimmed_bismark_bt2.deduplicated_splitting_report.txt",
                "bismark/methylation_calls/splitting_report/SRR389222_sub2_trimmed_bismark_bt2.deduplicated_splitting_report.txt",
                "bismark/methylation_calls/splitting_report/SRR389222_sub3_trimmed_bismark_bt2.deduplicated_splitting_report.txt",
                "bismark/reports",
                "bismark/reports/Ecoli_10K_methylated_1_val_1_bismark_bt2_PE_report.html",
                "bismark/reports/SRR389222_sub1_trimmed_bismark_bt2_SE_report.html",
                "bismark/reports/SRR389222_sub2_trimmed_bismark_bt2_SE_report.html",
                "bismark/reports/SRR389222_sub3_trimmed_bismark_bt2_SE_report.html",
                "bismark/summary",
                "bismark/summary/bismark_summary_report.html",
                "bismark/summary/bismark_summary_report.txt",
                "fastqc",
                "fastqc/Ecoli_10K_methylated_1_fastqc.html",
                "fastqc/Ecoli_10K_methylated_2_fastqc.html",
                "fastqc/SRR389222_sub1_fastqc.html",
                "fastqc/SRR389222_sub2_fastqc.html",
                "fastqc/SRR389222_sub3_fastqc.html",
                "fastqc/zips",
                "fastqc/zips/Ecoli_10K_methylated_1_fastqc.zip",
                "fastqc/zips/Ecoli_10K_methylated_2_fastqc.zip",
                "fastqc/zips/SRR389222_sub1_fastqc.zip",
                "fastqc/zips/SRR389222_sub2_fastqc.zip",
                "fastqc/zips/SRR389222_sub3_fastqc.zip",
                "multiqc",
                "multiqc/bismark",
                "multiqc/bismark/multiqc_data",
                "multiqc/bismark/multiqc_data/bismark-methylation-dp.txt",
                "multiqc/bismark/multiqc_data/bismark_alignment.txt",
                "multiqc/bismark/multiqc_data/bismark_deduplication.txt",
                "multiqc/bismark/multiqc_data/bismark_mbias_CHG_R1.txt",
                "multiqc/bismark/multiqc_data/bismark_mbias_CHG_R2.txt",
                "multiqc/bismark/multiqc_data/bismark_mbias_CHH_R1.txt",
                "multiqc/bismark/multiqc_data/bismark_mbias_CHH_R2.txt",
                "multiqc/bismark/multiqc_data/bismark_mbias_CpG_R1.txt",
                "multiqc/bismark/multiqc_data/bismark_mbias_CpG_R2.txt",
                "multiqc/bismark/multiqc_data/bismark_strand_alignment.txt",
                "multiqc/bismark/multiqc_data/cutadapt_filtered_reads_plot.txt",
                "multiqc/bismark/multiqc_data/cutadapt_trimmed_sequences_plot_3_Counts.txt",
                "multiqc/bismark/multiqc_data/cutadapt_trimmed_sequences_plot_3_Obs_Exp.txt",
                "multiqc/bismark/multiqc_data/fastqc-status-check-heatmap.txt",
                "multiqc/bismark/multiqc_data/fastqc_adapter_content_plot.txt",
                "multiqc/bismark/multiqc_data/fastqc_overrepresented_sequences_plot.txt",
                "multiqc/bismark/multiqc_data/fastqc_per_base_n_content_plot.txt",
                "multiqc/bismark/multiqc_data/fastqc_per_base_sequence_quality_plot.txt",
                "multiqc/bismark/multiqc_data/fastqc_per_sequence_gc_content_plot_Counts.txt",
                "multiqc/bismark/multiqc_data/fastqc_per_sequence_gc_content_plot_Percentages.txt",
                "multiqc/bismark/multiqc_data/fastqc_per_sequence_quality_scores_plot.txt",
                "multiqc/bismark/multiqc_data/fastqc_sequence_counts_plot.txt",
                "multiqc/bismark/multiqc_data/fastqc_sequence_duplication_levels_plot.txt",
                "multiqc/bismark/multiqc_data/fastqc_top_overrepresented_sequences_table.txt",
                "multiqc/bismark/multiqc_data/llms-full.txt",
                "multiqc/bismark/multiqc_data/multiqc.log",
                "multiqc/bismark/multiqc_data/multiqc.parquet",
                "multiqc/bismark/multiqc_data/multiqc_bismark_alignment.txt",
                "multiqc/bismark/multiqc_data/multiqc_bismark_dedup.txt",
                "multiqc/bismark/multiqc_data/multiqc_bismark_methextract.txt",
                "multiqc/bismark/multiqc_data/multiqc_citations.txt",
                "multiqc/bismark/multiqc_data/multiqc_cutadapt.txt",
                "multiqc/bismark/multiqc_data/multiqc_data.json",
                "multiqc/bismark/multiqc_data/multiqc_fastqc.txt",
                "multiqc/bismark/multiqc_data/multiqc_general_stats.txt",
                "multiqc/bismark/multiqc_data/multiqc_software_versions.txt",
                "multiqc/bismark/multiqc_data/multiqc_sources.txt",
                "multiqc/bismark/multiqc_plots",
                "multiqc/bismark/multiqc_plots/pdf",
                "multiqc/bismark/multiqc_plots/pdf/bismark-methylation-dp.pdf",
                "multiqc/bismark/multiqc_plots/pdf/bismark_alignment-cnt.pdf",
                "multiqc/bismark/multiqc_plots/pdf/bismark_alignment-pct.pdf",
                "multiqc/bismark/multiqc_plots/pdf/bismark_deduplication-cnt.pdf",
                "multiqc/bismark/multiqc_plots/pdf/bismark_deduplication-pct.pdf",
                "multiqc/bismark/multiqc_plots/pdf/bismark_mbias_CHG_R1.pdf",
                "multiqc/bismark/multiqc_plots/pdf/bismark_mbias_CHG_R2.pdf",
                "multiqc/bismark/multiqc_plots/pdf/bismark_mbias_CHH_R1.pdf",
                "multiqc/bismark/multiqc_plots/pdf/bismark_mbias_CHH_R2.pdf",
                "multiqc/bismark/multiqc_plots/pdf/bismark_mbias_CpG_R1.pdf",
                "multiqc/bismark/multiqc_plots/pdf/bismark_mbias_CpG_R2.pdf",
                "multiqc/bismark/multiqc_plots/pdf/bismark_strand_alignment-cnt.pdf",
                "multiqc/bismark/multiqc_plots/pdf/bismark_strand_alignment-pct.pdf",
                "multiqc/bismark/multiqc_plots/pdf/cutadapt_filtered_reads_plot-cnt.pdf",
                "multiqc/bismark/multiqc_plots/pdf/cutadapt_filtered_reads_plot-pct.pdf",
                "multiqc/bismark/multiqc_plots/pdf/cutadapt_trimmed_sequences_plot_3_Counts.pdf",
                "multiqc/bismark/multiqc_plots/pdf/cutadapt_trimmed_sequences_plot_3_Obs_Exp.pdf",
                "multiqc/bismark/multiqc_plots/pdf/fastqc_adapter_content_plot.pdf",
                "multiqc/bismark/multiqc_plots/pdf/fastqc_overrepresented_sequences_plot.pdf",
                "multiqc/bismark/multiqc_plots/pdf/fastqc_per_base_n_content_plot.pdf",
                "multiqc/bismark/multiqc_plots/pdf/fastqc_per_base_sequence_quality_plot.pdf",
                "multiqc/bismark/multiqc_plots/pdf/fastqc_per_sequence_gc_content_plot_Counts.pdf",
                "multiqc/bismark/multiqc_plots/pdf/fastqc_per_sequence_gc_content_plot_Percentages.pdf",
                "multiqc/bismark/multiqc_plots/pdf/fastqc_per_sequence_quality_scores_plot.pdf",
                "multiqc/bismark/multiqc_plots/pdf/fastqc_sequence_counts_plot-cnt.pdf",
                "multiqc/bismark/multiqc_plots/pdf/fastqc_sequence_counts_plot-pct.pdf",
                "multiqc/bismark/multiqc_plots/pdf/fastqc_sequence_duplication_levels_plot.pdf",
                "multiqc/bismark/multiqc_plots/pdf/fastqc_top_overrepresented_sequences_table.pdf",
                "multiqc/bismark/multiqc_plots/png",
                "multiqc/bismark/multiqc_plots/png/bismark-methylation-dp.png",
                "multiqc/bismark/multiqc_plots/png/bismark_alignment-cnt.png",
                "multiqc/bismark/multiqc_plots/png/bismark_alignment-pct.png",
                "multiqc/bismark/multiqc_plots/png/bismark_deduplication-cnt.png",
                "multiqc/bismark/multiqc_plots/png/bismark_deduplication-pct.png",
                "multiqc/bismark/multiqc_plots/png/bismark_mbias_CHG_R1.png",
                "multiqc/bismark/multiqc_plots/png/bismark_mbias_CHG_R2.png",
                "multiqc/bismark/multiqc_plots/png/bismark_mbias_CHH_R1.png",
                "multiqc/bismark/multiqc_plots/png/bismark_mbias_CHH_R2.png",
                "multiqc/bismark/multiqc_plots/png/bismark_mbias_CpG_R1.png",
                "multiqc/bismark/multiqc_plots/png/bismark_mbias_CpG_R2.png",
                "multiqc/bismark/multiqc_plots/png/bismark_strand_alignment-cnt.png",
                "multiqc/bismark/multiqc_plots/png/bismark_strand_alignment-pct.png",
                "multiqc/bismark/multiqc_plots/png/cutadapt_filtered_reads_plot-cnt.png",
                "multiqc/bismark/multiqc_plots/png/cutadapt_filtered_reads_plot-pct.png",
                "multiqc/bismark/multiqc_plots/png/cutadapt_trimmed_sequences_plot_3_Counts.png",
                "multiqc/bismark/multiqc_plots/png/cutadapt_trimmed_sequences_plot_3_Obs_Exp.png",
                "multiqc/bismark/multiqc_plots/png/fastqc_adapter_content_plot.png",
                "multiqc/bismark/multiqc_plots/png/fastqc_overrepresented_sequences_plot.png",
                "multiqc/bismark/multiqc_plots/png/fastqc_per_base_n_content_plot.png",
                "multiqc/bismark/multiqc_plots/png/fastqc_per_base_sequence_quality_plot.png",
                "multiqc/bismark/multiqc_plots/png/fastqc_per_sequence_gc_content_plot_Counts.png",
                "multiqc/bismark/multiqc_plots/png/fastqc_per_sequence_gc_content_plot_Percentages.png",
                "multiqc/bismark/multiqc_plots/png/fastqc_per_sequence_quality_scores_plot.png",
                "multiqc/bismark/multiqc_plots/png/fastqc_sequence_counts_plot-cnt.png",
                "multiqc/bismark/multiqc_plots/png/fastqc_sequence_counts_plot-pct.png",
                "multiqc/bismark/multiqc_plots/png/fastqc_sequence_duplication_levels_plot.png",
                "multiqc/bismark/multiqc_plots/png/fastqc_top_overrepresented_sequences_table.png",
                "multiqc/bismark/multiqc_plots/svg",
                "multiqc/bismark/multiqc_plots/svg/bismark-methylation-dp.svg",
                "multiqc/bismark/multiqc_plots/svg/bismark_alignment-cnt.svg",
                "multiqc/bismark/multiqc_plots/svg/bismark_alignment-pct.svg",
                "multiqc/bismark/multiqc_plots/svg/bismark_deduplication-cnt.svg",
                "multiqc/bismark/multiqc_plots/svg/bismark_deduplication-pct.svg",
                "multiqc/bismark/multiqc_plots/svg/bismark_mbias_CHG_R1.svg",
                "multiqc/bismark/multiqc_plots/svg/bismark_mbias_CHG_R2.svg",
                "multiqc/bismark/multiqc_plots/svg/bismark_mbias_CHH_R1.svg",
                "multiqc/bismark/multiqc_plots/svg/bismark_mbias_CHH_R2.svg",
                "multiqc/bismark/multiqc_plots/svg/bismark_mbias_CpG_R1.svg",
                "multiqc/bismark/multiqc_plots/svg/bismark_mbias_CpG_R2.svg",
                "multiqc/bismark/multiqc_plots/svg/bismark_strand_alignment-cnt.svg",
                "multiqc/bismark/multiqc_plots/svg/bismark_strand_alignment-pct.svg",
                "multiqc/bismark/multiqc_plots/svg/cutadapt_filtered_reads_plot-cnt.svg",
                "multiqc/bismark/multiqc_plots/svg/cutadapt_filtered_reads_plot-pct.svg",
                "multiqc/bismark/multiqc_plots/svg/cutadapt_trimmed_sequences_plot_3_Counts.svg",
                "multiqc/bismark/multiqc_plots/svg/cutadapt_trimmed_sequences_plot_3_Obs_Exp.svg",
                "multiqc/bismark/multiqc_plots/svg/fastqc_adapter_content_plot.svg",
                "multiqc/bismark/multiqc_plots/svg/fastqc_overrepresented_sequences_plot.svg",
                "multiqc/bismark/multiqc_plots/svg/fastqc_per_base_n_content_plot.svg",
                "multiqc/bismark/multiqc_plots/svg/fastqc_per_base_sequence_quality_plot.svg",
                "multiqc/bismark/multiqc_plots/svg/fastqc_per_sequence_gc_content_plot_Counts.svg",
                "multiqc/bismark/multiqc_plots/svg/fastqc_per_sequence_gc_content_plot_Percentages.svg",
                "multiqc/bismark/multiqc_plots/svg/fastqc_per_sequence_quality_scores_plot.svg",
                "multiqc/bismark/multiqc_plots/svg/fastqc_sequence_counts_plot-cnt.svg",
                "multiqc/bismark/multiqc_plots/svg/fastqc_sequence_counts_plot-pct.svg",
                "multiqc/bismark/multiqc_plots/svg/fastqc_sequence_duplication_levels_plot.svg",
                "multiqc/bismark/multiqc_plots/svg/fastqc_top_overrepresented_sequences_table.svg",
                "multiqc/bismark/multiqc_report.html",
                "pipeline_info",
                "pipeline_info/nf_core_methylseq_software_mqc_versions.yml",
                "trimgalore",
                "trimgalore/fastqc",
                "trimgalore/fastqc/Ecoli_10K_methylated_1_val_1_fastqc.html",
                "trimgalore/fastqc/Ecoli_10K_methylated_2_val_2_fastqc.html",
                "trimgalore/fastqc/SRR389222_sub1_trimmed_fastqc.html",
                "trimgalore/fastqc/SRR389222_sub2_trimmed_fastqc.html",
                "trimgalore/fastqc/SRR389222_sub3_trimmed_fastqc.html",
                "trimgalore/fastqc/zips",
                "trimgalore/fastqc/zips/Ecoli_10K_methylated_1_val_1_fastqc.zip",
                "trimgalore/fastqc/zips/Ecoli_10K_methylated_2_val_2_fastqc.zip",
                "trimgalore/fastqc/zips/SRR389222_sub1_trimmed_fastqc.zip",
                "trimgalore/fastqc/zips/SRR389222_sub2_trimmed_fastqc.zip",
                "trimgalore/fastqc/zips/SRR389222_sub3_trimmed_fastqc.zip",
                "trimgalore/logs",
                "trimgalore/logs/Ecoli_10K_methylated_1.fastq.gz_trimming_report.txt",
                "trimgalore/logs/Ecoli_10K_methylated_2.fastq.gz_trimming_report.txt",
                "trimgalore/logs/SRR389222_sub1.fastq.gz_trimming_report.txt",
                "trimgalore/logs/SRR389222_sub2.fastq.gz_trimming_report.txt",
                "trimgalore/logs/SRR389222_sub3.fastq.gz_trimming_report.txt"
            ],
            [
                "Ecoli_10K_methylated_1_val_1_bismark_bt2_PE_report.txt:md5,8d0388ff3c10dbbe509db6de4c9e993d",
                "SRR389222_sub1_trimmed_bismark_bt2_SE_report.txt:md5,b14268a7091b37aaa24800a4b7786e16",
                "SRR389222_sub2_trimmed_bismark_bt2_SE_report.txt:md5,4d3c4cf6b0f2b8b8fb1f6f5bcea07005",
                "SRR389222_sub3_trimmed_bismark_bt2_SE_report.txt:md5,6fa3ebe07d045e987e78c40bab233928",
                "Ecoli_10K_methylated.deduplicated.sorted.bam:md5,bd7eadecff9f0690720bcd1d2fb5d5fa",
                "Ecoli_10K_methylated.deduplicated.sorted.bam.bai:md5,3ad81cf470baf0b21fb176000c85e4e2",
                "SRR389222_sub1.deduplicated.sorted.bam:md5,d1e07373fa5dc03bc97cf68e9218822c",
                "SRR389222_sub1.deduplicated.sorted.bam.bai:md5,4bae4907da7a6f7b9d4d7e1470238a8f",
                "SRR389222_sub2.deduplicated.sorted.bam:md5,45b340f2e8b12f591bc924320d7d3ab0",
                "SRR389222_sub2.deduplicated.sorted.bam.bai:md5,3480aa2fc501735ea88cb762c1e975e8",
                "SRR389222_sub3.deduplicated.sorted.bam:md5,4c16543d2088a73f53d72defed5c93c6",
                "SRR389222_sub3.deduplicated.sorted.bam.bai:md5,9b76f11fe511951e049ab968f216156d",
                "Ecoli_10K_methylated_1_val_1_bismark_bt2_pe.deduplication_report.txt:md5,a5f178602316cbc4ca6c675b25cf7f21",
                "SRR389222_sub1_trimmed_bismark_bt2.deduplication_report.txt:md5,39ff44e32074f3dffdbe8b93b3b9d5c4",
                "SRR389222_sub2_trimmed_bismark_bt2.deduplication_report.txt:md5,c1e91a8cdaf87879900bf540ff055d9f",
                "SRR389222_sub3_trimmed_bismark_bt2.deduplication_report.txt:md5,00ac2d1770c89f860371f28b6fdb46f7",
                "Ecoli_10K_methylated_1_val_1_bismark_bt2_pe.deduplicated.bedGraph.gz:md5,58c9ba98d0638c26a30233b006a81172",
                "SRR389222_sub1_trimmed_bismark_bt2.deduplicated.bedGraph.gz:md5,d31df76c1c9128299367ebfe740357b9",
                "SRR389222_sub2_trimmed_bismark_bt2.deduplicated.bedGraph.gz:md5,010f32001bbc7805f8e041f3ef0d9ea9",
                "SRR389222_sub3_trimmed_bismark_bt2.deduplicated.bedGraph.gz:md5,d42e09af121ae14f6e0de5779e317b0b",
                "Ecoli_10K_methylated_1_val_1_bismark_bt2_pe.deduplicated.M-bias.txt:md5,29f3b882a51b63ce77d3d9c69b0e5f85",
                "SRR389222_sub1_trimmed_bismark_bt2.deduplicated.M-bias.txt:md5,ed28b3cce432eecfae73bc4a071ec4ee",
                "SRR389222_sub2_trimmed_bismark_bt2.deduplicated.M-bias.txt:md5,b06ce0084e54193ff8c9b9dd0ec9757b",
                "SRR389222_sub3_trimmed_bismark_bt2.deduplicated.M-bias.txt:md5,b865b7fb6e1225feeb6aef3372ef0b1d",
                "CHG_OB_Ecoli_10K_methylated_1_val_1_bismark_bt2_pe.deduplicated.txt.gz:md5,7481180fd95b62f1e60078c79be34e2f",
                "CHG_OB_SRR389222_sub1_trimmed_bismark_bt2.deduplicated.txt.gz:md5,2845d98bade52fe2a58af52f1afd9b85",
                "CHG_OB_SRR389222_sub2_trimmed_bismark_bt2.deduplicated.txt.gz:md5,74070ba17c4e59d70ed7cc9922e600d8",
                "CHG_OB_SRR389222_sub3_trimmed_bismark_bt2.deduplicated.txt.gz:md5,3f76c73c72fb1cac742f21b474fc46bc",
                "CHG_OT_Ecoli_10K_methylated_1_val_1_bismark_bt2_pe.deduplicated.txt.gz:md5,d15db39c712f65679cce464da6152f72",
                "CHG_OT_SRR389222_sub1_trimmed_bismark_bt2.deduplicated.txt.gz:md5,e97acece3f1c5d5d2bbd11a661a8a0c2",
                "CHG_OT_SRR389222_sub2_trimmed_bismark_bt2.deduplicated.txt.gz:md5,cd99a2fd1660b9a451cb71431e31a91d",
                "CHG_OT_SRR389222_sub3_trimmed_bismark_bt2.deduplicated.txt.gz:md5,54d8bca27fbf11b023d3560967d1fd3a",
                "CHH_OB_Ecoli_10K_methylated_1_val_1_bismark_bt2_pe.deduplicated.txt.gz:md5,37a3b88500ade0f99a57273b86bc8cc1",
                "CHH_OB_SRR389222_sub1_trimmed_bismark_bt2.deduplicated.txt.gz:md5,e9bea3cda06742fda721dc19c9bd4069",
                "CHH_OB_SRR389222_sub2_trimmed_bismark_bt2.deduplicated.txt.gz:md5,e63ed23d72bde2fa57dee81640cd7ca1",
                "CHH_OB_SRR389222_sub3_trimmed_bismark_bt2.deduplicated.txt.gz:md5,e37bd858b4203e03f4380a3df817c1e6",
                "CHH_OT_Ecoli_10K_methylated_1_val_1_bismark_bt2_pe.deduplicated.txt.gz:md5,e216e668a80eb0af621ea28bf30649a4",
                "CHH_OT_SRR389222_sub1_trimmed_bismark_bt2.deduplicated.txt.gz:md5,ad1389c85f1082272d976ac254d1eed0",
                "CHH_OT_SRR389222_sub2_trimmed_bismark_bt2.deduplicated.txt.gz:md5,f77da66629a9e6a435e5a5af24409663",
                "CHH_OT_SRR389222_sub3_trimmed_bismark_bt2.deduplicated.txt.gz:md5,1e3ad0bd3be6ab66a9a19cc4cad28aba",
                "CpG_OB_Ecoli_10K_methylated_1_val_1_bismark_bt2_pe.deduplicated.txt.gz:md5,eab3936aeadb93309dc853b911446969",
                "CpG_OB_SRR389222_sub1_trimmed_bismark_bt2.deduplicated.txt.gz:md5,a3bb15f7b5ca52a39f3d21d04aea4273",
                "CpG_OB_SRR389222_sub2_trimmed_bismark_bt2.deduplicated.txt.gz:md5,b78e383527553d5286c9c4d458abedce",
                "CpG_OB_SRR389222_sub3_trimmed_bismark_bt2.deduplicated.txt.gz:md5,21b0e72333d9710207a113b2f4a1451d",
                "CpG_OT_Ecoli_10K_methylated_1_val_1_bismark_bt2_pe.deduplicated.txt.gz:md5,421278ad8ebecee36102ee3b0578cb12",
                "CpG_OT_SRR389222_sub1_trimmed_bismark_bt2.deduplicated.txt.gz:md5,8edb87d7eff9ad37390c2b3c1f81fcc3",
                "CpG_OT_SRR389222_sub2_trimmed_bismark_bt2.deduplicated.txt.gz:md5,94f30db9814f457fd6dffa7e45b7883b",
                "CpG_OT_SRR389222_sub3_trimmed_bismark_bt2.deduplicated.txt.gz:md5,36cdcad80268738caa3e674de21c500c",
                "Ecoli_10K_methylated_1_val_1_bismark_bt2_pe.deduplicated.bismark.cov.gz:md5,8e6ba6fe66416d73e7f94b4da9ca77b1",
                "SRR389222_sub1_trimmed_bismark_bt2.deduplicated.bismark.cov.gz:md5,5377d9fff4f1bf5b98dc2310fbeb6ec9",
                "SRR389222_sub2_trimmed_bismark_bt2.deduplicated.bismark.cov.gz:md5,4713bda7b4f2bb16ce23853aea763cbd",
                "SRR389222_sub3_trimmed_bismark_bt2.deduplicated.bismark.cov.gz:md5,f9a07c3e11e0caad6df3cd2e4d94d8ac",
                "Ecoli_10K_methylated_1_val_1_bismark_bt2_pe.deduplicated_splitting_report.txt:md5,9b46b9f49f9b22e0565fb915c667cde2",
                "SRR389222_sub1_trimmed_bismark_bt2.deduplicated_splitting_report.txt:md5,23036cfc6e2745e5a5bf67400b460bc1",
                "SRR389222_sub2_trimmed_bismark_bt2.deduplicated_splitting_report.txt:md5,e06738420ad17564d41a789f2bdfd625",
                "SRR389222_sub3_trimmed_bismark_bt2.deduplicated_splitting_report.txt:md5,a4de33fbf4437c7714ab128067541043",
                "Ecoli_10K_methylated_1_val_1_bismark_bt2_PE_report.html:md5,312f9d61751535ace0aede360d8830dc",
                "SRR389222_sub1_trimmed_bismark_bt2_SE_report.html:md5,a925dc8474fd41f509d106cd1023f087",
                "SRR389222_sub2_trimmed_bismark_bt2_SE_report.html:md5,eea03316d1d44e6efd62dae53239e33e",
                "SRR389222_sub3_trimmed_bismark_bt2_SE_report.html:md5,bf087dc1c8b2379e5d8305487911a12f",
                "bismark_summary_report.html:md5,3619af2d78f39259710f600c9be55abf",
                "bismark_summary_report.txt:md5,22d97b5b57712ea87feae7627baf469c",
                "Ecoli_10K_methylated_1_fastqc.zip:md5,29c73c9d53ca201bc9c3abb6c91ab7c7",
                "Ecoli_10K_methylated_2_fastqc.zip:md5,5a1c9ddd5ecbe89ee3c7d158e75298f4",
                "SRR389222_sub1_fastqc.zip:md5,b557701241801c977319e0814ce2e044",
                "SRR389222_sub2_fastqc.zip:md5,6b7b21b97febaf85442db662842cb17b",
                "SRR389222_sub3_fastqc.zip:md5,50c9e0ce258ec73e7515acf6792b61a5",
                "bismark-methylation-dp.txt:md5,dcbe642c42e31d8e480a2e46b97bbd45",
                "bismark_alignment.txt:md5,544a74ea0f32005b0c886af79a6fad5b",
                "bismark_deduplication.txt:md5,db387240d46c09b0b952ed8b54855e76",
                "bismark_mbias_CHG_R1.txt:md5,1a2a02f5f48e312a7cfa91ec253c1f49",
                "bismark_mbias_CHG_R2.txt:md5,1f6523b48bda086d29f70265187e7475",
                "bismark_mbias_CHH_R1.txt:md5,bcd25ac0c71b5ec120e948bc165f54d4",
                "bismark_mbias_CHH_R2.txt:md5,5e32a8b39118c3592b088a0b69ae1f21",
                "bismark_mbias_CpG_R1.txt:md5,0da9724e4a303148c39b6f4c18b8876b",
                "bismark_mbias_CpG_R2.txt:md5,46cca816038163d0f629fed7ada212b8",
                "bismark_strand_alignment.txt:md5,a8738f981bab911b95ffe9d3434f2b08",
                "cutadapt_filtered_reads_plot.txt:md5,ff1b6d4011a5be5410b9404f7ff56c56",
                "cutadapt_trimmed_sequences_plot_3_Counts.txt:md5,57d07c19b0c30dc88df96c30bedcdc33",
                "cutadapt_trimmed_sequences_plot_3_Obs_Exp.txt:md5,1e5ca4193f8290c5c812334d03615b41",
                "fastqc-status-check-heatmap.txt:md5,218c2a7efbb9c02f652fa78fc739c866",
                "fastqc_adapter_content_plot.txt:md5,48d8bd5ece984a74972ce0a0e814dd07",
                "fastqc_overrepresented_sequences_plot.txt:md5,9c4b7064950b5b2c486d556984f21e9e",
                "fastqc_per_base_n_content_plot.txt:md5,019d5cd4f61a31f4e7016140ca8ee36e",
                "fastqc_per_base_sequence_quality_plot.txt:md5,e4c7d522114eab9bc9101e7ee9d83c8f",
                "fastqc_per_sequence_gc_content_plot_Counts.txt:md5,302659bee8a02b6a38b24fe25f8eaa87",
                "fastqc_per_sequence_gc_content_plot_Percentages.txt:md5,c75b396eb5dda8682fb1652a9b2e92a3",
                "fastqc_per_sequence_quality_scores_plot.txt:md5,548c593f4a8be2d8627fc3bd1c280611",
                "fastqc_sequence_counts_plot.txt:md5,58eeeb06bc9dcc1764c7daf0847d6bbf",
                "fastqc_sequence_duplication_levels_plot.txt:md5,9e5712db9aa39b5754ea1e0c49cfff15",
                "fastqc_top_overrepresented_sequences_table.txt:md5,6dfc5334a09c05392ea17369aa742d01",
                "llms-full.txt:md5,e8fe22c396fdf51b71d4925ce20b6a14",
                "multiqc.log:md5,e86359c316fbb3e4a40aabea2a5c05b4",
                "multiqc.parquet:md5,7d9cf4e920753ef3a1aae2d848c7d32f",
                "multiqc_bismark_alignment.txt:md5,8ee2e88d6b5c1411b4665b02f82ae1b7",
                "multiqc_bismark_dedup.txt:md5,d09a5de4d81a3207efb6a8937d060e46",
                "multiqc_bismark_methextract.txt:md5,4b6db3a59616df1c803713affc07e043",
                "multiqc_citations.txt:md5,73a6d29705d5a07f17f99c92e3a0f148",
                "multiqc_cutadapt.txt:md5,883891ac4901385102be053212068732",
                "multiqc_data.json:md5,50a1f0e3698f377985a0450e98d336e5",
                "multiqc_fastqc.txt:md5,8ca6a4f432a1c84e41945c1f5c935027",
                "multiqc_general_stats.txt:md5,5ac65e29d7dcf04ff61a8aa16126ee6e",
                "multiqc_software_versions.txt:md5,1680da37e224e27de6e8561fdd56051c",
                "multiqc_sources.txt:md5,d0b3fe3c1776269ed1cf31c9306c2935",
                "bismark-methylation-dp.pdf:md5,ec5ea93471f55605027e9c82a9bb5591",
                "bismark_alignment-cnt.pdf:md5,e3c2fac46d542b1094438ba768803fb2",
                "bismark_alignment-pct.pdf:md5,72d12d8756fa7dcafd69d38a319f4904",
                "bismark_deduplication-cnt.pdf:md5,d682b9ff1421bf4b106ef129f0d1acf1",
                "bismark_deduplication-pct.pdf:md5,2940cc97540607bca48b013609feb95f",
                "bismark_mbias_CHG_R1.pdf:md5,601268c8fdec8a7427d1f9955dc2ce06",
                "bismark_mbias_CHG_R2.pdf:md5,94da9ae61bbce6c8099eea281ad32c64",
                "bismark_mbias_CHH_R1.pdf:md5,b9b9cf50c58565ec97ded930737f8a7b",
                "bismark_mbias_CHH_R2.pdf:md5,7ea70e6e353d96700e1c920bfd550483",
                "bismark_mbias_CpG_R1.pdf:md5,67e43c5ab7d3ae7173b9a1fc100076f2",
                "bismark_mbias_CpG_R2.pdf:md5,718eafbe1cfa5e045d956275510f0c04",
                "bismark_strand_alignment-cnt.pdf:md5,16bf3af11af99211b94407491317b6de",
                "bismark_strand_alignment-pct.pdf:md5,26deee4e316371990c697e28e34d94ca",
                "cutadapt_filtered_reads_plot-cnt.pdf:md5,12089d315cb2d9595a00167f13ee2d44",
                "cutadapt_filtered_reads_plot-pct.pdf:md5,c32205f79a01451ec012d9c958296276",
                "cutadapt_trimmed_sequences_plot_3_Counts.pdf:md5,6a1d333216b1d0f10ead0c4301e90a1c",
                "cutadapt_trimmed_sequences_plot_3_Obs_Exp.pdf:md5,e795cb6b94ba168067bbc47353820e5b",
                "fastqc_adapter_content_plot.pdf:md5,c5b47fd15726869c09c72f14480670f5",
                "fastqc_overrepresented_sequences_plot.pdf:md5,75597a4d9c6a6173996d21669756211f",
                "fastqc_per_base_n_content_plot.pdf:md5,2a946bf0ca675db4cec14990032c9f04",
                "fastqc_per_base_sequence_quality_plot.pdf:md5,3d44018d47a90b3c55202b5b90e08cac",
                "fastqc_per_sequence_gc_content_plot_Counts.pdf:md5,7f779a223c0aec59a9fd17ff0fe46523",
                "fastqc_per_sequence_gc_content_plot_Percentages.pdf:md5,9264422e91c5d1c141947fae07da408e",
                "fastqc_per_sequence_quality_scores_plot.pdf:md5,d4357651a52627eec5d1ac9d9dc5d6d9",
                "fastqc_sequence_counts_plot-cnt.pdf:md5,e78ec54a01445599f87443e987511544",
                "fastqc_sequence_counts_plot-pct.pdf:md5,cc4bc002feee462fb6aed877076deed4",
                "fastqc_sequence_duplication_levels_plot.pdf:md5,870656e32a249924f3ef7e93b351d698",
                "fastqc_top_overrepresented_sequences_table.pdf:md5,2653a82a99b7bd85ddc0d1feb20b06ac",
                "bismark-methylation-dp.png:md5,8fdb0210aa900eedd6ec4580e6e25940",
                "bismark_alignment-cnt.png:md5,f99d335565aac827b7b98c474912985a",
                "bismark_alignment-pct.png:md5,3cee0d5f1c9fb0adfec283ede8ada59b",
                "bismark_deduplication-cnt.png:md5,118654f71943bd9f1ffc1328c8fb71ed",
                "bismark_deduplication-pct.png:md5,d08253b21287d1b5a4e5459daca9da2c",
                "bismark_mbias_CHG_R1.png:md5,7140d32d694346b1578eeb468ff5add7",
                "bismark_mbias_CHG_R2.png:md5,2c03830da6dde8c4a873981e53b5bf81",
                "bismark_mbias_CHH_R1.png:md5,8b0d00cade6b531d317550f6ec7dad24",
                "bismark_mbias_CHH_R2.png:md5,08608cf5e4d793534cb16f0baa1cc874",
                "bismark_mbias_CpG_R1.png:md5,950d9c0a0d8b4c087227c7bf0e7a95c5",
                "bismark_mbias_CpG_R2.png:md5,3a5ed52ec136571eda85f5da606721c9",
                "bismark_strand_alignment-cnt.png:md5,709105d7a73da1849657b8febad6b606",
                "bismark_strand_alignment-pct.png:md5,755840c839c330aa6179e4c9c2a96810",
                "cutadapt_filtered_reads_plot-cnt.png:md5,b2c923442a7adf6b3f7bcf87b6c8decf",
                "cutadapt_filtered_reads_plot-pct.png:md5,affabb8b44c600b3bcdc4adf0e5ebdde",
                "cutadapt_trimmed_sequences_plot_3_Counts.png:md5,668a39d300ee476238f7685299dd85f6",
                "cutadapt_trimmed_sequences_plot_3_Obs_Exp.png:md5,17b8620ef08b6a317a25c66c719451c1",
                "fastqc_adapter_content_plot.png:md5,d36ad35e4ad7ebddfe746bd8fb37c40e",
                "fastqc_overrepresented_sequences_plot.png:md5,96c63e04e93df9cb9fc97c548e77cb81",
                "fastqc_per_base_n_content_plot.png:md5,9ad5f36f162cac84e1892177ff80efd9",
                "fastqc_per_base_sequence_quality_plot.png:md5,517e448b13808cb2ac0207c75a9db51c",
                "fastqc_per_sequence_gc_content_plot_Counts.png:md5,0a6912e27815fedff3070149eb453fb3",
                "fastqc_per_sequence_gc_content_plot_Percentages.png:md5,abab9364543d78fa7bd4d3f1ad22385f",
                "fastqc_per_sequence_quality_scores_plot.png:md5,b882f18302d6b8e641d0bf012c3b6861",
                "fastqc_sequence_counts_plot-cnt.png:md5,791c4668e444e4c24ac3084c0859f231",
                "fastqc_sequence_counts_plot-pct.png:md5,211fbf0573ca16a092e9c57d0d1faa2e",
                "fastqc_sequence_duplication_levels_plot.png:md5,3a74d8ec8acc498759429824451c2937",
                "fastqc_top_overrepresented_sequences_table.png:md5,511f4e76f3f613370432815ad36162ba",
                "bismark-methylation-dp.svg:md5,a71293f151ff81548c82aa8f8c0197fa",
                "bismark_alignment-cnt.svg:md5,3b6180d4b7ade6d72c6adc8fe4f037ef",
                "bismark_alignment-pct.svg:md5,2665f72e276b455aba4e593d5f9361b7",
                "bismark_deduplication-cnt.svg:md5,2b3b125d49ce796192bd2e32f8aa5eea",
                "bismark_deduplication-pct.svg:md5,ca9eb22c2e49d55ec333060996c51943",
                "bismark_mbias_CHG_R1.svg:md5,cae5e870b5a47cd87ac266a548aff3cf",
                "bismark_mbias_CHG_R2.svg:md5,5135265ba9fdc6a0a69fd68c4b9642b2",
                "bismark_mbias_CHH_R1.svg:md5,cd1ea24de6a0e42df54297022aa3bf50",
                "bismark_mbias_CHH_R2.svg:md5,2428931649f3d745cdfd96e5003f589a",
                "bismark_mbias_CpG_R1.svg:md5,3c9da2f83ed412b8beeb4ed3d7ae33c6",
                "bismark_mbias_CpG_R2.svg:md5,c4a0adc06c2243ffb7569f3e7f446cbe",
                "bismark_strand_alignment-cnt.svg:md5,787d9b7533ead78268086d0f894961a8",
                "bismark_strand_alignment-pct.svg:md5,e661649de8945bc6dca45ea7abfd8f63",
                "cutadapt_filtered_reads_plot-cnt.svg:md5,60c25b06e9e1821084e20a80cbdc85a2",
                "cutadapt_filtered_reads_plot-pct.svg:md5,c5c0ad65492b22ea5c6521d063784d19",
                "cutadapt_trimmed_sequences_plot_3_Counts.svg:md5,6115170e0182cba5f591b2b9291b4ff9",
                "cutadapt_trimmed_sequences_plot_3_Obs_Exp.svg:md5,f13c8409c01375d9f0ab3fb2729fb39a",
                "fastqc_adapter_content_plot.svg:md5,9ef6b49a419e770fbcd737b6ff9c25e9",
                "fastqc_overrepresented_sequences_plot.svg:md5,b6fb7d177b1792d4c81b6a63c300396e",
                "fastqc_per_base_n_content_plot.svg:md5,a9a81ce182ad563aed3d9081126e822c",
                "fastqc_per_base_sequence_quality_plot.svg:md5,fa70bfd5ac481a9a151dd1a9c31649a7",
                "fastqc_per_sequence_gc_content_plot_Counts.svg:md5,6c8303a660b02045b4c9150a1dbee5c5",
                "fastqc_per_sequence_gc_content_plot_Percentages.svg:md5,3cd8e8ca7bb289ab65f72d9082850156",
                "fastqc_per_sequence_quality_scores_plot.svg:md5,3f6c9b5cf14ba9896758a113e31e2873",
                "fastqc_sequence_counts_plot-cnt.svg:md5,5d5e1e01904bc6c7be9693b98bf16db1",
                "fastqc_sequence_counts_plot-pct.svg:md5,8c21ebb5e4515a79fe975d611a09db3d",
                "fastqc_sequence_duplication_levels_plot.svg:md5,cc513fc1a814236d72c71b5bb056a14d",
                "fastqc_top_overrepresented_sequences_table.svg:md5,47b2adc5bdd7d7b20f0ce97bcc3b4ebe",
                "multiqc_report.html:md5,e06b8bcc94b03261d2fe56e3f7979cfa"
            ],
            [
                [
                    "Ecoli_10K_methylated.deduplicated.sorted.bam",
                    "a54ab7c96f9523a4ccd25fd69f6905f8"
                ],
                [
                    "SRR389222_sub1.deduplicated.sorted.bam",
                    "3f11ef5fbbda3797fd6217728e4f00d3"
                ],
                [
                    "SRR389222_sub2.deduplicated.sorted.bam",
                    "b01f29fc1d8d46922a69df09c636b4c4"
                ],
                [
                    "SRR389222_sub3.deduplicated.sorted.bam",
                    "347195c04c9ffd2a2b10967a6682fc69"
                ]
            ]
        ],
        "meta": {
            "nf-test": "0.9.3",
            "nextflow": "25.10.0"
        },
        "timestamp": "2025-11-26T04:29:38.495988985"
    }
}